// Jest Snapshot v1, https://goo.gl/fbAQLP

exports[`should render EditExpense correctly 1`] = `
<div>
  <ExpenseForm
    expense={
      Object {
        "amount": 1900,
        "createdAt": 172800000,
        "description": "test mug 2",
        "id": "2",
        "note": "some note test 2",
      }
    }
    onSubmit={[Function]}
  />
  <button
    onClick={[Function]}
  >
    Remove
  </button>
</div>
`;
